Microchip MPLAB XC8 Compiler V1.20 ()

Linker command line:

--edf=/Applications/microchip/xc8/v1.20/dat/en_msgs.txt -cs \
  -h+dist/default/production/rexus_micro_v1.X.production.sym \
  --cmf=dist/default/production/rexus_micro_v1.X.production.cmf -z \
  -Q18F2520 -o/tmp/cgtWszpPt \
  -Mdist/default/production/rexus_micro_v1.X.production.map -E1 -ver=XC8 \
  -ACODE=00h-07FFFh -ACONST=00h-07FFFh -ASMALLCONST=0600h-06FFhx122 \
  -AMEDIUMCONST=0600h-07FFFh -ACOMRAM=01h-07Fh -AABS1=00h-05FFh \
  -ABIGRAM=01h-05FFh -ARAM=080h-0FFh,0100h-01FFhx5 -ABANK0=080h-0FFh \
  -ABANK1=0100h-01FFh -ABANK2=0200h-02FFh -ABANK3=0300h-03FFh \
  -ABANK4=0400h-04FFh -ABANK5=0500h-05FFh -ASFR=0F80h-0FFFh \
  -preset_vec=00h,intcode=08h,intcodelo,powerup,init,end_init \
  -pramtop=0600h -psmallconst=SMALLCONST -pmediumconst=MEDIUMCONST \
  -pconst=CONST -AFARRAM=00h-00h -ACONFIG=0300000h-030000Dh -pconfig=CONFIG \
  -AIDLOC=0200000h-0200007h -pidloc=IDLOC -AEEDATA=0F00000h-0F000FFh \
  -peeprom_data=EEDATA \
  -prdata=COMRAM,nvrram=COMRAM,nvbit=COMRAM,rbss=COMRAM,rbit=COMRAM \
  -pfarbss=FARRAM,fardata=FARRAM,nvFARRAM=FARRAM \
  -pintsave_regs=BIGRAM,bigbss=BIGRAM,bigdata=BIGRAM -pbss=RAM \
  -pidata=CODE,irdata=CODE,ibigdata=CODE,ifardata=CODE /tmp/cgti7PpnG.obj \
  dist/default/production/rexus_micro_v1.X.production.obj 

Object code version is 3.11

Machine type is 18F2520

Call graph: (short form)




                Name                               Link     Load   Length Selector   Space Scale
/tmp/cgti7PpnG.obj
                end_init                             18       18        4        4       0
                reset_vec                             0        0        4        0       0
                config                           300000   300000        E   300000       0
dist/default/production/rexus_micro_v1.X.production.obj
                intcode                               8        8       10        4       0
                text7                               648      648       6A        4       0
                intcode_body                         1C       1C      2F2        4       0
                text5                               6B2      6B2       56        4       0
                text4                               79A      79A       10        4       0
                text3                               780      780       1A        4       0
                text2                               5DE      5DE       6A        4       0
                text1                               746      746       3A        4       0
                text0                               30E      30E      2D0        4       0
                cstackCOMRAM                         2C       2C       28        1       1
                cstackBANK0                          A0       A0        B       80       1
                bssBANK0                             80       80       20       80       1
                dataCOMRAM                           54       54        9        1       1
                bssCOMRAM                             1        1       2B        1       1
                cinit                               708      708       3E        4       0
                idataCOMRAM                         7AA      7AA        9        4       0

TOTAL           Name                               Link     Load   Length     Space
        CLASS   CODE           
                end_init                             18       18        4         0
                intcode                               8        8       10         0
                reset_vec                             0        0        4         0
                text7                               648      648       6A         0
                intcode_body                         1C       1C      2F2         0
                text5                               6B2      6B2       56         0
                text4                               79A      79A       10         0
                text3                               780      780       1A         0
                text2                               5DE      5DE       6A         0
                text1                               746      746       3A         0
                text0                               30E      30E      2D0         0
                cinit                               708      708       3E         0
                idataCOMRAM                         7AA      7AA        9         0

        CLASS   CONST          

        CLASS   SMALLCONST     

        CLASS   MEDIUMCONST    

        CLASS   COMRAM         
                cstackCOMRAM                         2C       2C       28         1
                dataCOMRAM                           54       54        9         1
                bssCOMRAM                             1        1       2B         1

        CLASS   ABS1           

        CLASS   BIGRAM         

        CLASS   RAM            

        CLASS   BANK0          
                cstackBANK0                          A0       A0        B         1
                bssBANK0                             80       80       20         1

        CLASS   BANK1          

        CLASS   BANK2          

        CLASS   BANK3          

        CLASS   BANK4          

        CLASS   BANK5          

        CLASS   SFR            

        CLASS   FARRAM         

        CLASS   CONFIG         
                config                           300000   300000        E         0

        CLASS   IDLOC          

        CLASS   EEDATA         



SEGMENTS        Name                           Load    Length   Top    Selector   Space  Class

                reset_vec                      000000  000004  000004         0       0  CODE    
                bssCOMRAM                      000001  00005C  00005D         1       1  COMRAM  
                intcode                        000008  0007AB  0007B3         4       0  CODE    
                bssBANK0                       000080  00002B  0000AB        80       1  BANK0   
                config                         300000  00000E  30000E    300000       0  CONFIG  


UNUSED ADDRESS RANGES

        Name                Unused          Largest block    Delta
        BANK0            0000AB-0000FF               55
        BANK1            000100-0001FF              100
        BANK2            000200-0002FF              100
        BANK3            000300-0003FF              100
        BANK4            000400-0004FF              100
        BANK5            000500-0005FF              100
        BIGRAM           00005D-00007F               23
                         0000AB-0005FF              555
        CODE             000004-000007                4
                         0007B3-007FFF             784D
        COMRAM           00005D-00007F               23
        CONST            000004-000007                4
                         0007B3-007FFF             784D
        EEDATA           F00000-F000FF              100
        IDLOC            200000-200007                8
        MEDIUMCONST      0007B3-007FFF             784D
        RAM              0000AB-0005FF              100
        SFR              000F80-000FFF               80
        SMALLCONST       0007B3-007FFF              100

                                  Symbol Table

?___llmod                cstackCOMRAM 000048
?___wmul                 cstackCOMRAM 000048
?_i2c_slave_init         cstackCOMRAM 000048
?_sendtemp               cstackCOMRAM 000048
?i2___llmod              cstackCOMRAM 00002C
_ADCON0                  (abs)        000FC2
_ADCON1                  (abs)        000FC1
_ADCON2                  (abs)        000FC0
_ADRESH                  (abs)        000FC4
_ADRESL                  (abs)        000FC3
_BAUDCON                 (abs)        000FB8
_BCLIF                   (abs)        007D0B
_CCP1CON                 (abs)        000FBD
_CCPR1L                  (abs)        000FBE
_DEBOUNCEflag            bssCOMRAM    000005
_DEBOUNCEstate           bssCOMRAM    000007
_GIE                     (abs)        007F97
_GO                      (abs)        007E11
_IPEN                    (abs)        007E87
_LOstate                 bssCOMRAM    000009
_PEIE                    (abs)        007F96
_PORTA                   (abs)        000F80
_PORTB                   (abs)        000F81
_PORTC                   (abs)        000F82
_PR2                     (abs)        000FCB
_RB1                     (abs)        007C09
_RB2                     (abs)        007C0A
_RB3                     (abs)        007C0B
_RB4                     (abs)        007C0C
_RB5                     (abs)        007C0D
_RB6                     (abs)        007C0E
_RB7                     (abs)        007C0F
_RCIE                    (abs)        007CED
_RCIF                    (abs)        007CF5
_RCREG                   (abs)        000FAE
_RCSTA                   (abs)        000FAB
_SODSstate               bssCOMRAM    00000B
_SOEstate                bssCOMRAM    00000D
_SPBRG                   (abs)        000FAF
_SSPADD                  (abs)        000FC8
_SSPBUF                  (abs)        000FC9
_SSPCON1                 (abs)        000FC6
_SSPCON1bits             (abs)        000FC6
_SSPCON2bits             (abs)        000FC5
_SSPIF                   (abs)        007CF3
_SSPSTAT                 (abs)        000FC7
_SSPSTATbits             (abs)        000FC7
_T0CON                   (abs)        000FD5
_T2CON                   (abs)        000FCA
_TMR0H                   (abs)        000FD7
_TMR0IE                  (abs)        007F95
_TMR0IF                  (abs)        007F92
_TMR0L                   (abs)        000FD6
_TRISA                   (abs)        000F92
_TRISB                   (abs)        000F93
_TRISC                   (abs)        000F94
_TXIF                    (abs)        007CF4
_TXREG                   (abs)        000FAD
_TXSTA                   (abs)        000FAC
_TimerAcquisition        bssCOMRAM    000001
_TimerDebounce           bssCOMRAM    00000F
_TimerHeater             bssCOMRAM    000011
_TimerLaser              bssCOMRAM    000013
__CFG_BOREN$OFF          (abs)        000000
__CFG_CCP2MX$PORTC       (abs)        000000
__CFG_CP0$OFF            (abs)        000000
__CFG_CP1$OFF            (abs)        000000
__CFG_CP2$OFF            (abs)        000000
__CFG_CP3$OFF            (abs)        000000
__CFG_CPB$OFF            (abs)        000000
__CFG_CPD$OFF            (abs)        000000
__CFG_EBTR0$OFF          (abs)        000000
__CFG_EBTR1$OFF          (abs)        000000
__CFG_EBTR2$OFF          (abs)        000000
__CFG_EBTR3$OFF          (abs)        000000
__CFG_EBTRB$OFF          (abs)        000000
__CFG_FCMEN$OFF          (abs)        000000
__CFG_IESO$OFF           (abs)        000000
__CFG_LVP$OFF            (abs)        000000
__CFG_OSC$HS             (abs)        000000
__CFG_PBADEN$OFF         (abs)        000000
__CFG_PWRT$ON            (abs)        000000
__CFG_STVREN$OFF         (abs)        000000
__CFG_WDT$OFF            (abs)        000000
__CFG_WRT0$OFF           (abs)        000000
__CFG_WRT1$OFF           (abs)        000000
__CFG_WRT2$OFF           (abs)        000000
__CFG_WRT3$OFF           (abs)        000000
__CFG_WRTB$OFF           (abs)        000000
__CFG_WRTC$OFF           (abs)        000000
__CFG_WRTD$OFF           (abs)        000000
__CFG_XINST$OFF          (abs)        000000
__HRAM                   (abs)        000000
__Habs1                  abs1         000000
__Hbank0                 bank0        000000
__Hbank1                 bank1        000000
__Hbank2                 bank2        000000
__Hbank3                 bank3        000000
__Hbank4                 bank4        000000
__Hbank5                 bank5        000000
__Hbigbss                bigbss       000000
__Hbigdata               bigdata      000000
__Hbigram                bigram       000000
__Hbss                   bss          000000
__HbssBANK0              bssBANK0     000000
__HbssCOMRAM             bssCOMRAM    000000
__Hcinit                 cinit        000000
__Hclrtext               clrtext      000000
__Hcomram                comram       000000
__Hconfig                config       30000E
__Hconst                 const        000000
__HcstackBANK0           cstackBANK0  000000
__HcstackCOMRAM          cstackCOMRAM 000000
__Hdata                  data         000000
__HdataCOMRAM            dataCOMRAM   000000
__Heeprom_data           eeprom_data  000000
__Hend_init              end_init     00001C
__Hfarbss                farbss       000000
__Hfardata               fardata      000000
__Hibigdata              ibigdata     000000
__Hidata                 idata        000000
__HidataCOMRAM           idataCOMRAM  000000
__Hidloc                 idloc        000000
__Hifardata              ifardata     000000
__Hinit                  init         000018
__Hintcode               intcode      000018
__Hintcode_body          intcode_body 000000
__Hintcodelo             intcodelo    000018
__Hintentry              intentry     000000
__Hintret                intret       000000
__Hintsave_regs          intsave_regs 000000
__Hirdata                irdata       000000
__Hmediumconst           mediumconst  000000
__HnvFARRAM              nvFARRAM     000000
__Hnvbit                 nvbit        000000
__Hnvrram                nvrram       000000
__Hparam                 rparam       000000
__Hpowerup               powerup      000018
__Hram                   ram          000000
__Hramtop                ramtop       000600
__Hrbit                  rbit         000000
__Hrbss                  rbss         000000
__Hrdata                 rdata        000000
__Hreset_vec             reset_vec    000004
__Hrparam                rparam       000000
__Hsfr                   sfr          000000
__Hsmallconst            smallconst   000000
__Hstruct                struct       000000
__Htemp                  temp         000000
__Htext                  text         000000
__Htext0                 text0        000000
__Htext1                 text1        000000
__Htext2                 text2        000000
__Htext3                 text3        000000
__Htext4                 text4        000000
__Htext5                 text5        000000
__Htext7                 text7        000000
__LRAM                   (abs)        000001
__Labs1                  abs1         000000
__Lbank0                 bank0        000000
__Lbank1                 bank1        000000
__Lbank2                 bank2        000000
__Lbank3                 bank3        000000
__Lbank4                 bank4        000000
__Lbank5                 bank5        000000
__Lbigbss                bigbss       000000
__Lbigdata               bigdata      000000
__Lbigram                bigram       000000
__Lbss                   bss          000000
__LbssBANK0              bssBANK0     000000
__LbssCOMRAM             bssCOMRAM    000000
__Lcinit                 cinit        000000
__Lclrtext               clrtext      000000
__Lcomram                comram       000000
__Lconfig                config       300000
__Lconst                 const        000000
__LcstackBANK0           cstackBANK0  000000
__LcstackCOMRAM          cstackCOMRAM 000000
__Ldata                  data         000000
__LdataCOMRAM            dataCOMRAM   000000
__Leeprom_data           eeprom_data  000000
__Lend_init              end_init     000018
__Lfarbss                farbss       000000
__Lfardata               fardata      000000
__Libigdata              ibigdata     000000
__Lidata                 idata        000000
__LidataCOMRAM           idataCOMRAM  000000
__Lidloc                 idloc        000000
__Lifardata              ifardata     000000
__Linit                  init         000018
__Lintcode               intcode      000008
__Lintcode_body          intcode_body 000000
__Lintcodelo             intcodelo    000018
__Lintentry              intentry     000000
__Lintret                intret       000000
__Lintsave_regs          intsave_regs 000000
__Lirdata                irdata       000000
__Lmediumconst           mediumconst  000000
__LnvFARRAM              nvFARRAM     000000
__Lnvbit                 nvbit        000000
__Lnvrram                nvrram       000000
__Lparam                 rparam       000000
__Lpowerup               powerup      000018
__Lram                   ram          000000
__Lramtop                ramtop       000600
__Lrbit                  rbit         000000
__Lrbss                  rbss         000000
__Lrdata                 rdata        000000
__Lreset_vec             reset_vec    000000
__Lrparam                rparam       000000
__Lsfr                   sfr          000000
__Lsmallconst            smallconst   000000
__Lstruct                struct       000000
__Ltemp                  temp         000000
__Ltext                  text         000000
__Ltext0                 text0        000000
__Ltext1                 text1        000000
__Ltext2                 text2        000000
__Ltext3                 text3        000000
__Ltext4                 text4        000000
__Ltext5                 text5        000000
__Ltext7                 text7        000000
__S0                     (abs)        30000E
__S1                     (abs)        0000AB
___llmod                 text2        0005DE
___llmod@counter         cstackCOMRAM 000051
___llmod@dividend        cstackCOMRAM 000048
___llmod@divisor         cstackCOMRAM 00004C
___wmul                  text1        000746
___wmul@multiplicand     cstackCOMRAM 00004A
___wmul@multiplier       cstackCOMRAM 000048
___wmul@product          cstackCOMRAM 00004C
__accesstop              (abs)        000080
__activetblptr           (abs)        000000
__end_of___llmod         text2        000648
__end_of___wmul          text1        000780
__end_of__initialization cinit        000740
__end_of_i2c_slave_init  text4        0007AA
__end_of_isr             intcode_body 00030E
__end_of_main            text0        0005DE
__end_of_sendtemp        text3        00079A
__end_of_settings        text5        000708
__end_ofi2___llmod       text7        0006B2
__initialization         cinit        000708
__mediumconst            mediumconst  000000
__pbssBANK0              bssBANK0     000080
__pbssCOMRAM             bssCOMRAM    000001
__pcinit                 cinit        000708
__pcstackBANK0           cstackBANK0  0000A0
__pcstackCOMRAM          cstackCOMRAM 00002C
__pdataCOMRAM            dataCOMRAM   000054
__pidataCOMRAM           idataCOMRAM  0007AA
__pintcode               intcode      000008
__pintcode_body          intcode_body 00001C
__ptext0                 text0        00030E
__ptext1                 text1        000746
__ptext2                 text2        0005DE
__ptext3                 text3        000780
__ptext4                 text4        00079A
__ptext5                 text5        0006B2
__ptext7                 text7        000648
__ramtop                 ramtop       000600
__size_of___llmod        (abs)        000000
__size_of___wmul         (abs)        000000
__size_of_i2c_slave_init (abs)        000000
__size_of_isr            (abs)        000000
__size_of_main           (abs)        000000
__size_of_sendtemp       (abs)        000000
__size_of_settings       (abs)        000000
__size_ofi2___llmod      (abs)        000000
__smallconst             smallconst   000000
_acquisition_data        bssCOMRAM    00001E
_camera_order            dataCOMRAM   00005C
_conv                    bssCOMRAM    000015
_dummy                   bssCOMRAM    00001B
_heater_power            bssCOMRAM    000017
_i2c_dev_reg             bssCOMRAM    00001C
_i2c_index               bssCOMRAM    000019
_i2c_rx_frame            bssBANK0     000080
_i2c_rx_registers        dataCOMRAM   000058
_i2c_slave_init          text4        00079A
_i2c_state               bssCOMRAM    00001D
_i2c_tx_reg_sizes        dataCOMRAM   00005A
_i2c_tx_registers        dataCOMRAM   000054
_isr                     intcode      000008
_main                    text0        00030E
_main$309                cstackBANK0  0000A4
_sendtemp                text3        000780
_settings                text5        0006B2
end_of_initialization    cinit        000740
i2___llmod               text7        000648
i2___llmod@counter       cstackCOMRAM 000035
i2___llmod@dividend      cstackCOMRAM 00002C
i2___llmod@divisor       cstackCOMRAM 000030
i2c_slave_init@id        cstackCOMRAM 000048
int_func                 intcode_body 00001C
intlevel0                text         000000
intlevel1                text         000000
intlevel2                text         000000
intlevel3                text         000000
main@LOenable            cstackBANK0  0000A9
main@SODSenable          cstackBANK0  0000A7
main@SOEenable           cstackBANK0  0000A5
main@t_cell              cstackBANK0  0000A0
main@t_heat              cstackBANK0  0000A2
sendtemp@temp            cstackCOMRAM 000048
sendtemp@tempH           cstackCOMRAM 00004A
sendtemp@tempL           cstackCOMRAM 00004B
start                    init         000018
start_initialization     cinit        000708


FUNCTION INFORMATION:

 *************** function _main *****************
 Defined at:
		line 58 in file "../main_CV.c"
 Parameters:    Size  Location     Type
		None
 Auto vars:     Size  Location     Type
  LOenable        2    9[BANK0 ] unsigned int 
  SODSenable      2    7[BANK0 ] unsigned int 
  SOEenable       2    5[BANK0 ] unsigned int 
  t_heat          2    2[BANK0 ] unsigned int 
  t_cell          2    0[BANK0 ] unsigned int 
 Return value:  Size  Location     Type
		None               void
 Registers used:
		wreg, fsr2l, fsr2h, status,2, status,0, prodl, prodh, cstack
 Tracked objects:
		On entry : 
		On exit  : 
		Unchanged: 
 Data sizes:     COMRAM   BANK0   BANK1   BANK2   BANK3   BANK4   BANK5
      Params:         0       0       0       0       0       0       0
      Locals:         0      11       0       0       0       0       0
      Temps:          2       0       0       0       0       0       0
      Totals:         2      11       0       0       0       0       0
Total ram usage:       13 bytes
 Hardware stack levels required when called:    3
 This function calls:
		_settings
		_i2c_slave_init
		_sendtemp
		___llmod
		___wmul
 This function is called by:
		Startup code after reset
 This function uses a non-reentrant model


 *************** function ___wmul *****************
 Defined at:
		line 5 in file "/Applications/microchip/xc8/v1.20/sources/common/wmul.c"
 Parameters:    Size  Location     Type
  multiplier      2   28[COMRAM] unsigned int 
  multiplicand    2   30[COMRAM] unsigned int 
 Auto vars:     Size  Location     Type
  product         2   32[COMRAM] unsigned int 
 Return value:  Size  Location     Type
                  2   28[COMRAM] unsigned int 
 Registers used:
		wreg, status,2, status,0, prodl, prodh
 Tracked objects:
		On entry : 
		On exit  : 
		Unchanged: 
 Data sizes:     COMRAM   BANK0   BANK1   BANK2   BANK3   BANK4   BANK5
      Params:         4       0       0       0       0       0       0
      Locals:         2       0       0       0       0       0       0
      Temps:          0       0       0       0       0       0       0
      Totals:         6       0       0       0       0       0       0
Total ram usage:        6 bytes
 Hardware stack levels used:    1
 Hardware stack levels required when called:    2
 This function calls:
		Nothing
 This function is called by:
		_main
 This function uses a non-reentrant model


 *************** function ___llmod *****************
 Defined at:
		line 10 in file "/Applications/microchip/xc8/v1.20/sources/common/llmod.c"
 Parameters:    Size  Location     Type
  dividend        4   28[COMRAM] unsigned long 
  divisor         4   32[COMRAM] unsigned long 
 Auto vars:     Size  Location     Type
  counter         1   37[COMRAM] unsigned char 
 Return value:  Size  Location     Type
                  4   28[COMRAM] unsigned long 
 Registers used:
		wreg, status,2, status,0
 Tracked objects:
		On entry : 
		On exit  : 
		Unchanged: 
 Data sizes:     COMRAM   BANK0   BANK1   BANK2   BANK3   BANK4   BANK5
      Params:         8       0       0       0       0       0       0
      Locals:         1       0       0       0       0       0       0
      Temps:          1       0       0       0       0       0       0
      Totals:        10       0       0       0       0       0       0
Total ram usage:       10 bytes
 Hardware stack levels used:    1
 Hardware stack levels required when called:    2
 This function calls:
		Nothing
 This function is called by:
		_main
 This function uses a non-reentrant model


 *************** function _sendtemp *****************
 Defined at:
		line 169 in file "../main_CV.c"
 Parameters:    Size  Location     Type
  temp            2   28[COMRAM] int 
 Auto vars:     Size  Location     Type
  tempL           1   31[COMRAM] unsigned char 
  tempH           1   30[COMRAM] unsigned char 
 Return value:  Size  Location     Type
		None               void
 Registers used:
		wreg, status,2
 Tracked objects:
		On entry : 
		On exit  : 
		Unchanged: 
 Data sizes:     COMRAM   BANK0   BANK1   BANK2   BANK3   BANK4   BANK5
      Params:         2       0       0       0       0       0       0
      Locals:         2       0       0       0       0       0       0
      Temps:          0       0       0       0       0       0       0
      Totals:         4       0       0       0       0       0       0
Total ram usage:        4 bytes
 Hardware stack levels used:    1
 Hardware stack levels required when called:    2
 This function calls:
		Nothing
 This function is called by:
		_main
 This function uses a non-reentrant model


 *************** function _i2c_slave_init *****************
 Defined at:
		line 5 in file "../../drivers/i2c_slave.c"
 Parameters:    Size  Location     Type
  id              1   28[COMRAM] unsigned char 
 Auto vars:     Size  Location     Type
		None
 Return value:  Size  Location     Type
		None               void
 Registers used:
		wreg, status,2
 Tracked objects:
		On entry : 
		On exit  : 
		Unchanged: 
 Data sizes:     COMRAM   BANK0   BANK1   BANK2   BANK3   BANK4   BANK5
      Params:         1       0       0       0       0       0       0
      Locals:         0       0       0       0       0       0       0
      Temps:          0       0       0       0       0       0       0
      Totals:         1       0       0       0       0       0       0
Total ram usage:        1 bytes
 Hardware stack levels used:    1
 Hardware stack levels required when called:    2
 This function calls:
		Nothing
 This function is called by:
		_main
 This function uses a non-reentrant model


 *************** function _settings *****************
 Defined at:
		line 87 in file "../settings.h"
 Parameters:    Size  Location     Type
		None
 Auto vars:     Size  Location     Type
		None
 Return value:  Size  Location     Type
		None               void
 Registers used:
		wreg, status,2
 Tracked objects:
		On entry : 
		On exit  : 
		Unchanged: 
 Data sizes:     COMRAM   BANK0   BANK1   BANK2   BANK3   BANK4   BANK5
      Params:         0       0       0       0       0       0       0
      Locals:         0       0       0       0       0       0       0
      Temps:          0       0       0       0       0       0       0
      Totals:         0       0       0       0       0       0       0
Total ram usage:        0 bytes
 Hardware stack levels used:    1
 Hardware stack levels required when called:    2
 This function calls:
		Nothing
 This function is called by:
		_main
 This function uses a non-reentrant model


 *************** function _isr *****************
 Defined at:
		line 205 in file "../main_CV.c"
 Parameters:    Size  Location     Type
		None
 Auto vars:     Size  Location     Type
		None
 Return value:  Size  Location     Type
		None               void
 Registers used:
		wreg, fsr2l, fsr2h, status,2, status,0, prodl, prodh, cstack
 Tracked objects:
		On entry : 
		On exit  : 
		Unchanged: 
 Data sizes:     COMRAM   BANK0   BANK1   BANK2   BANK3   BANK4   BANK5
      Params:         0       0       0       0       0       0       0
      Locals:         0       0       0       0       0       0       0
      Temps:         18       0       0       0       0       0       0
      Totals:        18       0       0       0       0       0       0
Total ram usage:       18 bytes
 Hardware stack levels used:    1
 Hardware stack levels required when called:    1
 This function calls:
		i2___llmod
 This function is called by:
		Interrupt level 2
 This function uses a non-reentrant model


 *************** function i2___llmod *****************
 Defined at:
		line 10 in file "/Applications/microchip/xc8/v1.20/sources/common/llmod.c"
 Parameters:    Size  Location     Type
  __llmod         4    0[COMRAM] unsigned long 
  __llmod         4    4[COMRAM] unsigned long 
 Auto vars:     Size  Location     Type
  __llmod         1    9[COMRAM] unsigned char 
 Return value:  Size  Location     Type
                  4    0[COMRAM] unsigned long 
 Registers used:
		wreg, status,2, status,0
 Tracked objects:
		On entry : 
		On exit  : 
		Unchanged: 
 Data sizes:     COMRAM   BANK0   BANK1   BANK2   BANK3   BANK4   BANK5
      Params:         8       0       0       0       0       0       0
      Locals:         1       0       0       0       0       0       0
      Temps:          1       0       0       0       0       0       0
      Totals:        10       0       0       0       0       0       0
Total ram usage:       10 bytes
 Hardware stack levels used:    1
 This function calls:
		Nothing
 This function is called by:
		_isr
 This function uses a non-reentrant model



MODULE INFORMATION

Module		Function		Class		Link	Load	Size
../../drivers/i2c_slave.c
		_i2c_slave_init		CODE           	079A	0000	16

../../drivers/i2c_slave.c estimated size: 16

shared
		__initializatio		CODE           	0708	0000	56
		i2___llmod     		CODE           	0648	0000	106

shared estimated size: 162

../main_CV.c
		_main          		CODE           	030E	0000	720
		_sendtemp      		CODE           	0780	0000	26
		_isr           		CODE           	0008	0000	774

../main_CV.c estimated size: 1520

/Applications/microchip/xc8/v1.20/sources/common/llmod.c
		___llmod       		CODE           	05DE	0000	106

/Applications/microchip/xc8/v1.20/sources/common/llmod.c estimated size: 106

/Applications/microchip/xc8/v1.20/sources/common/wmul.c
		___wmul        		CODE           	0746	0000	58

/Applications/microchip/xc8/v1.20/sources/common/wmul.c estimated size: 58

../settings.h
		_settings      		CODE           	06B2	0000	86

../settings.h estimated size: 86

